Compiling Rust-based quantum code to Quil...
Program {
    calibrations: Calibrations {
        calibrations: CalibrationSet {
            data: [],
        },
        measure_calibrations: CalibrationSet {
            data: [],
        },
    },
    extern_pragma_map: ExternPragmaMap(
        {},
    ),
    frames: FrameSet {
        frames: {},
    },
    memory_regions: {},
    waveforms: {},
    gate_definitions: {},
    instructions: [
        Gate(
            Gate {
                name: "H",
                parameters: [],
                qubits: [
                    Fixed(
                        0,
                    ),
                ],
                modifiers: [],
            },
        ),
    ],
    used_qubits: {
        Fixed(
            0,
        ),
    },
}
